// Jest Snapshot v1, https://goo.gl/fbAQLP

exports[`router .go() should call the callback once the route handlers are complete 1`] = `
Array [
  Array [
    Object {
      "url": "/fooga",
    },
    [Function],
  ],
  Array [
    Object {
      "url": "/fooga",
    },
  ],
]
`;
